Archive member included to satisfy reference by file (symbol)

c:/program files (x86)/atmel/studio/7.0/toolchain/avr8/avr8-gnu-toolchain/bin/../lib/gcc/avr/5.4.0/../../../../avr/lib/avr5\libm.a(addsf3.o)
                              Devices/BMP390/BMP390.o (__subsf3)
c:/program files (x86)/atmel/studio/7.0/toolchain/avr8/avr8-gnu-toolchain/bin/../lib/gcc/avr/5.4.0/../../../../avr/lib/avr5\libm.a(addsf3x.o)
                              c:/program files (x86)/atmel/studio/7.0/toolchain/avr8/avr8-gnu-toolchain/bin/../lib/gcc/avr/5.4.0/../../../../avr/lib/avr5\libm.a(addsf3.o) (__addsf3x)
c:/program files (x86)/atmel/studio/7.0/toolchain/avr8/avr8-gnu-toolchain/bin/../lib/gcc/avr/5.4.0/../../../../avr/lib/avr5\libm.a(cmpsf2.o)
                              BSP/SPI/spi.o (__ltsf2)
c:/program files (x86)/atmel/studio/7.0/toolchain/avr8/avr8-gnu-toolchain/bin/../lib/gcc/avr/5.4.0/../../../../avr/lib/avr5\libm.a(divsf3.o)
                              BSP/SPI/spi.o (__divsf3)
c:/program files (x86)/atmel/studio/7.0/toolchain/avr8/avr8-gnu-toolchain/bin/../lib/gcc/avr/5.4.0/../../../../avr/lib/avr5\libm.a(divsf3x.o)
                              c:/program files (x86)/atmel/studio/7.0/toolchain/avr8/avr8-gnu-toolchain/bin/../lib/gcc/avr/5.4.0/../../../../avr/lib/avr5\libm.a(divsf3.o) (__divsf3x)
c:/program files (x86)/atmel/studio/7.0/toolchain/avr8/avr8-gnu-toolchain/bin/../lib/gcc/avr/5.4.0/../../../../avr/lib/avr5\libm.a(fixsfsi.o)
                              Devices/BMP390/BMP390.o (__fixsfsi)
c:/program files (x86)/atmel/studio/7.0/toolchain/avr8/avr8-gnu-toolchain/bin/../lib/gcc/avr/5.4.0/../../../../avr/lib/avr5\libm.a(fixunssfsi.o)
                              BSP/PWM/PWM.o (__fixunssfsi)
c:/program files (x86)/atmel/studio/7.0/toolchain/avr8/avr8-gnu-toolchain/bin/../lib/gcc/avr/5.4.0/../../../../avr/lib/avr5\libm.a(floatsisf.o)
                              BSP/ADC/AD.o (__floatunsisf)
c:/program files (x86)/atmel/studio/7.0/toolchain/avr8/avr8-gnu-toolchain/bin/../lib/gcc/avr/5.4.0/../../../../avr/lib/avr5\libm.a(fp_cmp.o)
                              c:/program files (x86)/atmel/studio/7.0/toolchain/avr8/avr8-gnu-toolchain/bin/../lib/gcc/avr/5.4.0/../../../../avr/lib/avr5\libm.a(cmpsf2.o) (__fp_cmp)
c:/program files (x86)/atmel/studio/7.0/toolchain/avr8/avr8-gnu-toolchain/bin/../lib/gcc/avr/5.4.0/../../../../avr/lib/avr5\libm.a(fp_inf.o)
                              c:/program files (x86)/atmel/studio/7.0/toolchain/avr8/avr8-gnu-toolchain/bin/../lib/gcc/avr/5.4.0/../../../../avr/lib/avr5\libm.a(addsf3x.o) (__fp_inf)
c:/program files (x86)/atmel/studio/7.0/toolchain/avr8/avr8-gnu-toolchain/bin/../lib/gcc/avr/5.4.0/../../../../avr/lib/avr5\libm.a(fp_nan.o)
                              c:/program files (x86)/atmel/studio/7.0/toolchain/avr8/avr8-gnu-toolchain/bin/../lib/gcc/avr/5.4.0/../../../../avr/lib/avr5\libm.a(addsf3x.o) (__fp_nan)
c:/program files (x86)/atmel/studio/7.0/toolchain/avr8/avr8-gnu-toolchain/bin/../lib/gcc/avr/5.4.0/../../../../avr/lib/avr5\libm.a(fp_pscA.o)
                              c:/program files (x86)/atmel/studio/7.0/toolchain/avr8/avr8-gnu-toolchain/bin/../lib/gcc/avr/5.4.0/../../../../avr/lib/avr5\libm.a(addsf3x.o) (__fp_pscA)
c:/program files (x86)/atmel/studio/7.0/toolchain/avr8/avr8-gnu-toolchain/bin/../lib/gcc/avr/5.4.0/../../../../avr/lib/avr5\libm.a(fp_pscB.o)
                              c:/program files (x86)/atmel/studio/7.0/toolchain/avr8/avr8-gnu-toolchain/bin/../lib/gcc/avr/5.4.0/../../../../avr/lib/avr5\libm.a(addsf3x.o) (__fp_pscB)
c:/program files (x86)/atmel/studio/7.0/toolchain/avr8/avr8-gnu-toolchain/bin/../lib/gcc/avr/5.4.0/../../../../avr/lib/avr5\libm.a(fp_round.o)
                              c:/program files (x86)/atmel/studio/7.0/toolchain/avr8/avr8-gnu-toolchain/bin/../lib/gcc/avr/5.4.0/../../../../avr/lib/avr5\libm.a(addsf3.o) (__fp_round)
c:/program files (x86)/atmel/studio/7.0/toolchain/avr8/avr8-gnu-toolchain/bin/../lib/gcc/avr/5.4.0/../../../../avr/lib/avr5\libm.a(fp_split3.o)
                              c:/program files (x86)/atmel/studio/7.0/toolchain/avr8/avr8-gnu-toolchain/bin/../lib/gcc/avr/5.4.0/../../../../avr/lib/avr5\libm.a(addsf3x.o) (__fp_split3)
c:/program files (x86)/atmel/studio/7.0/toolchain/avr8/avr8-gnu-toolchain/bin/../lib/gcc/avr/5.4.0/../../../../avr/lib/avr5\libm.a(fp_zero.o)
                              c:/program files (x86)/atmel/studio/7.0/toolchain/avr8/avr8-gnu-toolchain/bin/../lib/gcc/avr/5.4.0/../../../../avr/lib/avr5\libm.a(addsf3x.o) (__fp_zero)
c:/program files (x86)/atmel/studio/7.0/toolchain/avr8/avr8-gnu-toolchain/bin/../lib/gcc/avr/5.4.0/../../../../avr/lib/avr5\libm.a(gesf2.o)
                              BSP/SPI/spi.o (__gtsf2)
c:/program files (x86)/atmel/studio/7.0/toolchain/avr8/avr8-gnu-toolchain/bin/../lib/gcc/avr/5.4.0/../../../../avr/lib/avr5\libm.a(log.o)
                              Devices/NTC/ntc_10k.o (log)
[...]
Memory Configuration

Name             Origin             Length             Attributes
text             0x00000000         0x00010000         xr
data             0x00800100         0x00001000         rw !x
eeprom           0x00810000         0x00000800         rw !x
fuse             0x00820000         0x00000003         rw !x
lock             0x00830000         0x00000400         rw !x
signature        0x00840000         0x00000400         rw !x
user_signatures  0x00850000         0x00000400         rw !x
*default*        0x00000000         0xffffffff

Linker script and memory map

Address of section .data set to 0x800100
LOAD C:/Program Files (x86)/Atmel/Studio/7.0/Packs/atmel/ATmega_DFP/1.7.374/gcc/dev/atmega64/avr5/crtatmega64.o
LOAD Application/Accel_Gyro/Accel_Gyro.o
LOAD Application/CAN Protocol/CAN_Protocol.o
LOAD Application/CMDLine/cmdline.o
LOAD Application/CMDLine/command.o
LOAD Application/COPC/COPC.o
LOAD Application/LED/ir_led.o
LOAD Application/LED/ring_led.o
LOAD Application/LED/status_led.o
LOAD Application/main.o
LOAD Application/Pressure/Pressure.o
LOAD Application/SYS/sys.o
LOAD Application/Temperature/temperature.o
LOAD Application/WATCHDOG/watchdog.o
LOAD BSP/ADC/AD.o
LOAD BSP/PWM/PWM.o
LOAD BSP/SPI/spi.o
LOAD BSP/Timer/timer.o
LOAD BSP/TWI/i2c.o
LOAD BSP/TWI/twi.o
LOAD BSP/UART/uart.o
LOAD Data_struct/IOU_data.o
LOAD Devices/BMP390/BMP390.o
LOAD Devices/LSM6DSOX/LSM6DSOX.o
LOAD Devices/MCP2515/CANSPI.o
LOAD Devices/MCP2515/MCP2515.o
LOAD Devices/MCP4921/MCP4921.o
LOAD Devices/NTC/ntc_10k.o
LOAD Devices/onewire/DS18B20.o
LOAD Devices/LED_RING/SK6812.o
LOAD Devices/TEC/TEC.o
LOAD Devices/TPL5010/TPL5010.o
LOAD Scheduler/scheduler.o
LOAD ThirdParty/libsfp/crc16.o
LOAD ThirdParty/libsfp/fsp.o
START GROUP
LOAD c:/program files (x86)/atmel/studio/7.0/toolchain/avr8/avr8-gnu-toolchain/bin/../lib/gcc/avr/5.4.0/../../../../avr/lib/avr5\libm.a
END GROUP
LOAD c:/program files (x86)/atmel/studio/7.0/toolchain/avr8/avr8-gnu-toolchain/bin/../lib/gcc/avr/5.4.0/../../../../avr/lib/avr5\libprintf_flt.a
LOAD c:/program files (x86)/atmel/studio/7.0/toolchain/avr8/avr8-gnu-toolchain/bin/../lib/gcc/avr/5.4.0/../../../../avr/lib/avr5\libm.a
START GROUP
LOAD c:/program files (x86)/atmel/studio/7.0/toolchain/avr8/avr8-gnu-toolchain/bin/../lib/gcc/avr/5.4.0/avr5\libgcc.a
LOAD c:/program files (x86)/atmel/studio/7.0/toolchain/avr8/avr8-gnu-toolchain/bin/../lib/gcc/avr/5.4.0/../../../../avr/lib/avr5\libm.a
LOAD c:/program files (x86)/atmel/studio/7.0/toolchain/avr8/avr8-gnu-toolchain/bin/../lib/gcc/avr/5.4.0/../../../../avr/lib/avr5\libc.a
LOAD C:/Program Files (x86)/Atmel/Studio/7.0/Packs/atmel/ATmega_DFP/1.7.374/gcc/dev/atmega64/avr5\libatmega64.a
END GROUP
                0x00000000                __TEXT_REGION_ORIGIN__ = DEFINED (__TEXT_REGION_ORIGIN__)?__TEXT_REGION_ORIGIN__:0x0
                [0x00800100]                __DATA_REGION_ORIGIN__ = DEFINED (__DATA_REGION_ORIGIN__)?__DATA_REGION_ORIGIN__:0x800060
                [0x00010000]                __TEXT_REGION_LENGTH__ = DEFINED (__TEXT_REGION_LENGTH__)?__TEXT_REGION_LENGTH__:0x20000
                [0x00001000]                __DATA_REGION_LENGTH__ = DEFINED (__DATA_REGION_LENGTH__)?__DATA_REGION_LENGTH__:0xffa0
                [0x00000800]                __EEPROM_REGION_LENGTH__ = DEFINED (__EEPROM_REGION_LENGTH__)?__EEPROM_REGION_LENGTH__:0x10000
                [0x00000003]                __FUSE_REGION_LENGTH__ = DEFINED (__FUSE_REGION_LENGTH__)?__FUSE_REGION_LENGTH__:0x400
                0x00000400                __LOCK_REGION_LENGTH__ = DEFINED (__LOCK_REGION_LENGTH__)?__LOCK_REGION_LENGTH__:0x400
                0x00000400                __SIGNATURE_REGION_LENGTH__ = DEFINED (__SIGNATURE_REGION_LENGTH__)?__SIGNATURE_REGION_LENGTH__:0x400
                0x00000400                __USER_SIGNATURE_REGION_LENGTH__ = DEFINED (__USER_SIGNATURE_REGION_LENGTH__)?__USER_SIGNATURE_REGION_LENGTH__:0x400

.hash
 *(.hash)

.dynsym
 *(.dynsym)

.dynstr
 *(.dynstr)

.gnu.version
 *(.gnu.version)

.gnu.version_d
 *(.gnu.version_d)

.gnu.version_r
 *(.gnu.version_r)

.rel.init
 *(.rel.init)

.rela.init
 *(.rela.init)

.rel.text
 *(.rel.text)
 *(.rel.text.*)
 *(.rel.gnu.linkonce.t*)

.rela.text
 *(.rela.text)
 *(.rela.text.*)
 *(.rela.gnu.linkonce.t*)

.rel.fini
 *(.rel.fini)

.rela.fini
 *(.rela.fini)

.rel.rodata
 *(.rel.rodata)
 *(.rel.rodata.*)
 *(.rel.gnu.linkonce.r*)

.rela.rodata
 *(.rela.rodata)
 *(.rela.rodata.*)
 *(.rela.gnu.linkonce.r*)

.rel.data
 *(.rel.data)
 *(.rel.data.*)
 *(.rel.gnu.linkonce.d*)

.rela.data
 *(.rela.data)
 *(.rela.data.*)
 *(.rela.gnu.linkonce.d*)

.rel.ctors
 *(.rel.ctors)

.rela.ctors
 *(.rela.ctors)

.rel.dtors
 *(.rel.dtors)

.rela.dtors
 *(.rela.dtors)

.rel.got
 *(.rel.got)

.rela.got
 *(.rela.got)

.rel.bss
 *(.rel.bss)

.rela.bss
 *(.rela.bss)

.rel.plt
 *(.rel.plt)

.rela.plt
 *(.rela.plt)

.text           0x00000000     0x6a70
 *(.vectors)
 .vectors       0x00000000       0x8c C:/Program Files (x86)/Atmel/Studio/7.0/Packs/atmel/ATmega_DFP/1.7.374/gcc/dev/atmega64/avr5/crtatmega64.o
                0x00000000                __vector_default
                0x00000000                __vectors
 *(.vectors)
 *(.progmem.gcc*)
 .progmem.gcc_sw_table.__vector_33
                0x0000008c      0x1f2 BSP/TWI/twi.o
 .progmem.gcc_sw_table.UARTvprintf
                0x0000027e       0xa8 BSP/UART/uart.o
                0x00000326                . = ALIGN (0x2)
                0x00000326                __trampolines_start = .
 *(.trampolines)
 .trampolines   0x00000326        0x0 linker stubs
 *(.trampolines*)
                0x00000326                __trampolines_end = .
 *libprintf_flt.a:*(.progmem.data)
 .progmem.data  0x00000326        0x8 c:/program files (x86)/atmel/studio/7.0/toolchain/avr8/avr8-gnu-toolchain/bin/../lib/gcc/avr/5.4.0/../../../../avr/lib/avr5\libprintf_flt.a(vfprintf_flt.o)
 *libc.a:*(.progmem.data)
 .progmem.data  0x0000032e       0xfa c:/program files (x86)/atmel/studio/7.0/toolchain/avr8/avr8-gnu-toolchain/bin/../lib/gcc/avr/5.4.0/../../../../avr/lib/avr5\libc.a(ftoa_engine.o)
 *(.progmem*)
 .progmem.data.SPLASH
                0x00000428      0x71c Application/CMDLine/command.o
                0x00000428                SPLASH
                0x00000b44                . = ALIGN (0x2)
 *(.jumptables)
 *(.jumptables*)
 *(.lowtext)
 *(.lowtext*)
                0x00000b44                __ctors_start = .
 *(.ctors)
                0x00000b44                __ctors_end = .
                0x00000b44                __dtors_start = .
 *(.dtors)
                0x00000b44                __dtors_end = .
 SORT(*)(.ctors)
 SORT(*)(.dtors)
 *(.init0)
 .init0         0x00000b44        0x0 C:/Program Files (x86)/Atmel/Studio/7.0/Packs/atmel/ATmega_DFP/1.7.374/gcc/dev/atmega64/avr5/crtatmega64.o
                0x00000b44                __init
 *(.init0)
 *(.init1)
 *(.init1)
 *(.init2)
 .init2         0x00000b44        0xc C:/Program Files (x86)/Atmel/Studio/7.0/Packs/atmel/ATmega_DFP/1.7.374/gcc/dev/atmega64/avr5/crtatmega64.o
 *(.init2)
 *(.init3)
 *(.init3)
 *(.init4)
 .init4         0x00000b50       0x16 c:/program files (x86)/atmel/studio/7.0/toolchain/avr8/avr8-gnu-toolchain/bin/../lib/gcc/avr/5.4.0/avr5\libgcc.a(_copy_data.o)
                0x00000b50                __do_copy_data
 .init4         0x00000b66       0x10 c:/program files (x86)/atmel/studio/7.0/toolchain/avr8/avr8-gnu-toolchain/bin/../lib/gcc/avr/5.4.0/avr5\libgcc.a(_clear_bss.o)
                0x00000b66                __do_clear_bss
 *(.init4)
 *(.init5)
 *(.init5)
 *(.init6)
 *(.init6)
 *(.init7)
 *(.init7)
 *(.init8)
 *(.init8)
 *(.init9)
 .init9         0x00000b76        0x8 C:/Program Files (x86)/Atmel/Studio/7.0/Packs/atmel/ATmega_DFP/1.7.374/gcc/dev/atmega64/avr5/crtatmega64.o
 *(.init9)
 *(.text)
 .text          0x00000b7e        0x4 C:/Program Files (x86)/Atmel/Studio/7.0/Packs/atmel/ATmega_DFP/1.7.374/gcc/dev/atmega64/avr5/crtatmega64.o
                0x00000b7e                __vector_22
                0x00000b7e                __vector_28
                0x00000b7e                __vector_1
                0x00000b7e                __vector_32
                0x00000b7e                __vector_34
                0x00000b7e                __vector_24
                0x00000b7e                __vector_12
                0x00000b7e                __bad_interrupt
                0x00000b7e                __vector_6
                0x00000b7e                __vector_3
                0x00000b7e                __vector_23
                0x00000b7e                __vector_25
                0x00000b7e                __vector_11
                0x00000b7e                __vector_13
                0x00000b7e                __vector_17
                0x00000b7e                __vector_7
                0x00000b7e                __vector_27
                0x00000b7e                __vector_5
                0x00000b7e                __vector_4
                0x00000b7e                __vector_9
                0x00000b7e                __vector_2
                0x00000b7e                __vector_21
                0x00000b7e                __vector_29
                0x00000b7e                __vector_8
                0x00000b7e                __vector_26
                0x00000b7e                __vector_14
                0x00000b7e                __vector_10
                0x00000b7e                __vector_16
                0x00000b7e                __vector_20
                0x00000b82                . = ALIGN (0x2)
 *(.text.*)
 .text.get_acceleration
                0x00000b82       0x96 Application/Accel_Gyro/Accel_Gyro.o
                0x00000b82                get_acceleration
 .text.get_gyroscope
                0x00000c18       0x96 Application/Accel_Gyro/Accel_Gyro.o
                0x00000c18                get_gyroscope
 .text.CAN_Protocol_Init
                0x00000cae       0x14 Application/CAN Protocol/CAN_Protocol.o
                0x00000cae                CAN_Protocol_Init
 .text.CAN_task_update
                0x00000cc2       0x1c Application/CAN Protocol/CAN_Protocol.o
 .text.CAN_create_task
                0x00000cde       0x1c Application/CAN Protocol/CAN_Protocol.o
                0x00000cde                CAN_create_task
 .text.CAN_report
                0x00000cfa      0x200 Application/CAN Protocol/CAN_Protocol.o
                0x00000cfa                CAN_report
 .text.Control_LED
                0x00000efa       0xf4 Application/CAN Protocol/CAN_Protocol.o
                0x00000efa                Control_LED
 .text.CmdLineProcess
                0x00000fee       0xfc Application/CMDLine/cmdline.o
                0x00000fee                CmdLineProcess
 .text.command_task_update
                0x000010ea       0xf6 Application/CMDLine/command.o
 .text.command_init
                0x000011e0       0x48 Application/CMDLine/command.o
                0x000011e0                command_init
 .text.command_create_task
                0x00001228       0x1c Application/CMDLine/command.o
                0x00001228                command_create_task
 .text.Cmd_help
                0x00001244       0x82 Application/CMDLine/command.o
                0x00001244                Cmd_help
 .text.Cmd_set_temp
                0x000012c6       0xbc Application/CMDLine/command.o
                0x000012c6                Cmd_set_temp
 .text.Cmd_get_temp
                0x00001382      0x1bc Application/CMDLine/command.o
                0x00001382                Cmd_get_temp
 .text.Cmd_tec_set_auto_voltage
                0x0000153e       0xbe Application/CMDLine/command.o
                0x0000153e                Cmd_tec_set_auto_voltage
 .text.Cmd_TEC_enable
                0x000015fc       0x6a Application/CMDLine/command.o
                0x000015fc                Cmd_TEC_enable
 .text.Cmd_TEC_disable
                0x00001666       0xb6 Application/CMDLine/command.o
                0x00001666                Cmd_TEC_disable
 .text.Cmd_TEC_enable_auto_control
                0x0000171c       0x7e Application/CMDLine/command.o
                0x0000171c                Cmd_TEC_enable_auto_control
 .text.Cmd_TEC_disable_auto_control
                0x0000179a       0x6c Application/CMDLine/command.o
                0x0000179a                Cmd_TEC_disable_auto_control
 .text.Cmd_tec_get_status
                0x00001806       0x38 Application/CMDLine/command.o
                0x00001806                Cmd_tec_get_status
 .text.Cmd_TEC_log_enable
                0x0000183e       0x38 Application/CMDLine/command.o
                0x0000183e                Cmd_TEC_log_enable
 .text.Cmd_TEC_log_disable
                0x00001876       0x38 Application/CMDLine/command.o
                0x00001876                Cmd_TEC_log_disable
 .text.Cmd_TEC_set_output
                0x000018ae       0xa0 Application/CMDLine/command.o
                0x000018ae                Cmd_TEC_set_output
 .text.Cmd_get_temp_setpoint
                0x0000194e       0xa8 Application/CMDLine/command.o
                0x0000194e                Cmd_get_temp_setpoint
 .text.Cmd_ringled_set_RGBW
                0x000019f6       0xa2 Application/CMDLine/command.o
                0x000019f6                Cmd_ringled_set_RGBW
 .text.Cmd_ringled_get_RGBW
                0x00001a98       0xa2 Application/CMDLine/command.o
                0x00001a98                Cmd_ringled_get_RGBW
 .text.Cmd_IRled_set_bright
                0x00001b3a       0x94 Application/CMDLine/command.o
                0x00001b3a                Cmd_IRled_set_bright
 .text.Cmd_IRled_get_bright
                0x00001bce       0x64 Application/CMDLine/command.o
                0x00001bce                Cmd_IRled_get_bright
 .text.Cmd_get_acceleration_gyroscope
                0x00001c32      0x17c Application/CMDLine/command.o
                0x00001c32                Cmd_get_acceleration_gyroscope
 .text.Cmd_get_pressure
                0x00001dae       0x64 Application/CMDLine/command.o
                0x00001dae                Cmd_get_pressure
 .text.Cmd_get_parameters
                0x00001e12      0x2a6 Application/CMDLine/command.o
                0x00001e12                Cmd_get_parameters
 .text.Cmd_can_transmit
                0x000020b8       0x90 Application/CMDLine/command.o
                0x000020b8                Cmd_can_transmit
 .text.Cmd_can_status
                0x00002148       0x38 Application/CMDLine/command.o
                0x00002148                Cmd_can_status
 .text.command_send_splash
                0x00002180       0x46 Application/CMDLine/command.o
                0x00002180                command_send_splash
 .text.IR_led_set_DutyCyclesPercent
                0x000021c6       0x2c Application/LED/ir_led.o
                0x000021c6                IR_led_set_DutyCyclesPercent
 .text.IR_led_get_Current_DutyCyclesPercent
                0x000021f2       0x12 Application/LED/ir_led.o
                0x000021f2                IR_led_get_Current_DutyCyclesPercent
 .text.status_led_init
                0x00002204       0x80 Application/LED/status_led.o
                0x00002204                status_led_init
 .text.status_led_led1_off
                0x00002284       0x22 Application/LED/status_led.o
 .text.status_led_led1_on
                0x000022a6       0x22 Application/LED/status_led.o
 .text.status_led_led2_off
                0x000022c8       0x22 Application/LED/status_led.o
 .text.status_led_led2_on
                0x000022ea       0x22 Application/LED/status_led.o
 .text.status_led_update
                0x0000230c       0x36 Application/LED/status_led.o
                0x0000230c                status_led_update
 .text.status_led_powerup
                0x00002342       0xd0 Application/LED/status_led.o
 .text.status_led_normal
                0x00002412       0x72 Application/LED/status_led.o
 .text.status_led_create_task
                0x00002484       0x1c Application/LED/status_led.o
                0x00002484                status_led_create_task
 .text.main     0x000024a0       0x36 Application/main.o
                0x000024a0                main
 .text.get_pressure
                0x000024d6       0x12 Application/Pressure/Pressure.o
                0x000024d6                get_pressure
 .text.temperature_set_point
                0x000024e8       0x3a Application/Temperature/temperature.o
                0x000024e8                temperature_set_point
 .text.temperature_get_NTC
                0x00002522       0x28 Application/Temperature/temperature.o
                0x00002522                temperature_get_NTC
 .text.temperature_get_onewire
                0x0000254a       0x2a Application/Temperature/temperature.o
                0x0000254a                temperature_get_onewire
 .text.temperature_get_bmp390
                0x00002574       0x16 Application/Temperature/temperature.o
                0x00002574                temperature_get_bmp390
 .text.temperature_enable_TEC
                0x0000258a       0x42 Application/Temperature/temperature.o
                0x0000258a                temperature_enable_TEC
 .text.temperature_disable_TEC
                0x000025cc       0x44 Application/Temperature/temperature.o
                0x000025cc                temperature_disable_TEC
 .text.temperature_enable_auto_control_TEC
                0x00002610       0x70 Application/Temperature/temperature.o
                0x00002610                temperature_enable_auto_control_TEC
 .text.temperature_disable_auto_control_TEC
                0x00002680       0x42 Application/Temperature/temperature.o
                0x00002680                temperature_disable_auto_control_TEC
 .text.temperature_set_TEC_output
                0x000026c2       0xce Application/Temperature/temperature.o
                0x000026c2                temperature_set_TEC_output
 .text.temperature_get_setpoint
                0x00002790       0x2a Application/Temperature/temperature.o
                0x00002790                temperature_get_setpoint
 .text.temperature_set_auto_voltage
                0x000027ba       0x3a Application/Temperature/temperature.o
                0x000027ba                temperature_set_auto_voltage
 .text.temperature_get_status
                0x000027f4      0x2b0 Application/Temperature/temperature.o
                0x000027f4                temperature_get_status
 .text.temperature_enable_log
                0x00002aa4       0x16 Application/Temperature/temperature.o
                0x00002aa4                temperature_enable_log
 .text.temperature_disable_log
                0x00002aba       0x14 Application/Temperature/temperature.o
                0x00002aba                temperature_disable_log
 .text.watchdog_init
                0x00002ace       0x14 Application/WATCHDOG/watchdog.o
                0x00002ace                watchdog_init
 .text.watchdog_pulse
                0x00002ae2       0x14 Application/WATCHDOG/watchdog.o
 .text.watchdog_create_timer
                0x00002af6       0x24 Application/WATCHDOG/watchdog.o
                0x00002af6                watchdog_create_timer
 .text.pwm1_set_DutyCyclePercent
                0x00002b1a       0x78 BSP/PWM/PWM.o
                0x00002b1a                pwm1_set_DutyCyclePercent
 .text.SPI_Init
                0x00002b92       0x46 BSP/SPI/spi.o
                0x00002b92                SPI_Init
 .text.SPI_SendByte
                0x00002bd8       0x34 BSP/SPI/spi.o
                0x00002bd8                SPI_SendByte
 .text.SPI_ReadByte
                0x00002c0c       0x2e BSP/SPI/spi.o
                0x00002c0c                SPI_ReadByte
 .text.SPI_RxBuffer
                0x00002c3a      0x288 BSP/SPI/spi.o
                0x00002c3a                SPI_RxBuffer
 .text.SPI_TxBuffer
                0x00002ec2      0x27e BSP/SPI/spi.o
                0x00002ec2                SPI_TxBuffer
 .text.timer_start_timer0
                0x00003140       0x36 BSP/Timer/timer.o
                0x00003140                timer_start_timer0
 .text.timer_timer0_init
                0x00003176       0x34 BSP/Timer/timer.o
                0x00003176                timer_timer0_init
 .text.twi_stop
                0x000031aa       0x30 BSP/TWI/twi.o
                0x000031aa                twi_stop
 .text.twi_reply
                0x000031da       0x32 BSP/TWI/twi.o
                0x000031da                twi_reply
 .text.twi_releaseBus
                0x0000320c       0x1e BSP/TWI/twi.o
                0x0000320c                twi_releaseBus
 .text.__vector_33
                0x0000322a      0x2b4 BSP/TWI/twi.o
                0x0000322a                __vector_33
 .text.__iCliRetVal
                0x000034de       0x12 BSP/UART/uart.o
 .text.__iRestore
                0x000034f0       0x2a BSP/UART/uart.o
 .text.rbuffer_init
                0x0000351a       0x66 BSP/UART/uart.o
                0x0000351a                rbuffer_init
 .text.rbuffer_full
                0x00003580       0x2c BSP/UART/uart.o
                0x00003580                rbuffer_full
 .text.rbuffer_empty
                0x000035ac       0x2c BSP/UART/uart.o
                0x000035ac                rbuffer_empty
 .text.rbuffer_insert
                0x000035d8       0xa0 BSP/UART/uart.o
                0x000035d8                rbuffer_insert
 .text.rbuffer_remove
                0x00003678       0x9e BSP/UART/uart.o
                0x00003678                rbuffer_remove
 .text.usart0_init
                0x00003716       0x76 BSP/UART/uart.o
                0x00003716                usart0_init
 .text.usart0_send_char
                0x0000378c       0x52 BSP/UART/uart.o
                0x0000378c                usart0_send_char
 .text.usart0_send_string
                0x000037de       0x3e BSP/UART/uart.o
                0x000037de                usart0_send_string
 .text.usart0_send_array
                0x0000381c       0x4a BSP/UART/uart.o
                0x0000381c                usart0_send_array
 .text.usart0_send_string_P
                0x00003866       0x54 BSP/UART/uart.o
                0x00003866                usart0_send_string_P
 .text.uart_get_uart0_rx_buffer_address
                0x000038ba       0x16 BSP/UART/uart.o
                0x000038ba                uart_get_uart0_rx_buffer_address
 .text.__vector_18
                0x000038d0       0xd2 BSP/UART/uart.o
                0x000038d0                __vector_18
 .text.__vector_19
                0x000039a2       0xa4 BSP/UART/uart.o
                0x000039a2                __vector_19
 .text.__vector_30
                0x00003a46       0xd2 BSP/UART/uart.o
                0x00003a46                __vector_30
 .text.__vector_31
                0x00003b18       0xa4 BSP/UART/uart.o
                0x00003b18                __vector_31
 .text.UARTvprintf
                0x00003bbc      0x69c BSP/UART/uart.o
                0x00003bbc                UARTvprintf
 .text.UARTprintf
                0x00004258       0x2c BSP/UART/uart.o
                0x00004258                UARTprintf
 .text.get_BMP390_pressure
                0x00004284       0x2a Devices/BMP390/BMP390.o
                0x00004284                get_BMP390_pressure
 .text.CAN_Init
                0x000042ae       0x2a Devices/MCP2515/CANSPI.o
                0x000042ae                CAN_Init
 .text.CANSPI_Initialize
                0x000042d8      0x210 Devices/MCP2515/CANSPI.o
                0x000042d8                CANSPI_Initialize
 .text.CANSPI_Transmit
                0x000044e8      0x138 Devices/MCP2515/CANSPI.o
                0x000044e8                CANSPI_Transmit
 .text.CANSPI_Receive
                0x00004620      0x13e Devices/MCP2515/CANSPI.o
                0x00004620                CANSPI_Receive
 .text.convertReg2ExtendedCANid
                0x0000475e      0x164 Devices/MCP2515/CANSPI.o
 .text.convertReg2StandardCANid
                0x000048c2       0x98 Devices/MCP2515/CANSPI.o
 .text.convertCANid2Reg
                0x0000495a      0x168 Devices/MCP2515/CANSPI.o
 .text.MCP2515_SetNormalMode
                0x00004ac2       0x42 Devices/MCP2515/MCP2515.o
                0x00004ac2                MCP2515_SetNormalMode
 .text.MCP2515_SetConfigMode
                0x00004b04       0x44 Devices/MCP2515/MCP2515.o
                0x00004b04                MCP2515_SetConfigMode
 .text.MCP2515_reset
                0x00004b48       0x3a Devices/MCP2515/MCP2515.o
                0x00004b48                MCP2515_reset
 .text.MCP2515_read
                0x00004b82       0x50 Devices/MCP2515/MCP2515.o
                0x00004b82                MCP2515_read
 .text.MCP2515_ReadRxSequence
                0x00004bd2       0x58 Devices/MCP2515/MCP2515.o
                0x00004bd2                MCP2515_ReadRxSequence
 .text.MCP2515_write
                0x00004c2a       0x50 Devices/MCP2515/MCP2515.o
                0x00004c2a                MCP2515_write
 .text.MCP2515_WriteByteSequence
                0x00004c7a       0x6c Devices/MCP2515/MCP2515.o
                0x00004c7a                MCP2515_WriteByteSequence
 .text.MCP2515_RequestToSend
                0x00004ce6       0x40 Devices/MCP2515/MCP2515.o
                0x00004ce6                MCP2515_RequestToSend
 .text.MCP2515_read_status
                0x00004d26       0x46 Devices/MCP2515/MCP2515.o
                0x00004d26                MCP2515_read_status
 .text.MCP2515_GetRxStatus
                0x00004d6c       0x44 Devices/MCP2515/MCP2515.o
                0x00004d6c                MCP2515_GetRxStatus
 .text.MCP2515_LoadTxSequence
                0x00004db0       0x72 Devices/MCP2515/MCP2515.o
                0x00004db0                MCP2515_LoadTxSequence
 .text.MCP4291_AssertSS
                0x00004e22       0x8a Devices/MCP4921/MCP4921.o
                0x00004e22                MCP4291_AssertSS
 .text.MCP4291_DeassertSS
                0x00004eac       0x8a Devices/MCP4921/MCP4921.o
                0x00004eac                MCP4291_DeassertSS
 .text.MCP4291_assert_LDAC
                0x00004f36       0x22 Devices/MCP4921/MCP4921.o
                0x00004f36                MCP4291_assert_LDAC
 .text.MCP4291_deassert_LDAC
                0x00004f58       0x22 Devices/MCP4921/MCP4921.o
                0x00004f58                MCP4291_deassert_LDAC
 .text.MCP4291_set_output
                0x00004f7a      0x196 Devices/MCP4921/MCP4921.o
                0x00004f7a                MCP4291_set_output
 .text.ringled_show
                0x00005110       0xbe Devices/LED_RING/SK6812.o
                0x00005110                ringled_show
 .text.ringled_set_RGBW
                0x000051ce       0xae Devices/LED_RING/SK6812.o
                0x000051ce                ringled_set_RGBW
 .text.ringled_get_RGBW
                0x0000527c       0x22 Devices/LED_RING/SK6812.o
                0x0000527c                ringled_get_RGBW
 .text.TEC_enable
                0x0000529e       0x92 Devices/TEC/TEC.o
                0x0000529e                TEC_enable
 .text.TEC_shutdown
                0x00005330       0x92 Devices/TEC/TEC.o
                0x00005330                TEC_shutdown
 .text.TPL5010_init
                0x000053c2       0x58 Devices/TPL5010/TPL5010.o
                0x000053c2                TPL5010_init
 .text.TPL5010_done_pulse
                0x0000541a       0x34 Devices/TPL5010/TPL5010.o
                0x0000541a                TPL5010_done_pulse
 .text.SCH_Initialize
                0x0000544e       0x54 Scheduler/scheduler.o
                0x0000544e                SCH_Initialize
 .text.SCH_TIM_Start
                0x000054a2       0x48 Scheduler/scheduler.o
                0x000054a2                SCH_TIM_Start
 .text.SCH_TIM_HasCompleted
                0x000054ea       0x32 Scheduler/scheduler.o
                0x000054ea                SCH_TIM_HasCompleted
 .text.SCH_TASK_CreateTask
                0x0000551c       0xac Scheduler/scheduler.o
                0x0000551c                SCH_TASK_CreateTask
 .text.SCH_TIM_CreateTimer
                0x000055c8       0xaa Scheduler/scheduler.o
                0x000055c8                SCH_TIM_CreateTimer
 .text.SCH_TIM_RestartTimer
                0x00005672       0x5e Scheduler/scheduler.o
                0x00005672                SCH_TIM_RestartTimer
 .text.SCH_RunSystemTickTimer
                0x000056d0      0x1ce Scheduler/scheduler.o
                0x000056d0                SCH_RunSystemTickTimer
 .text.SCH_StartSchedular
                0x0000589e       0x14 Scheduler/scheduler.o
                0x0000589e                SCH_StartSchedular
 .text.SCH_HandleScheduledTask
                0x000058b2      0x106 Scheduler/scheduler.o
                0x000058b2                SCH_HandleScheduledTask
 .text.__vector_15
                0x000059b8       0x5a Scheduler/scheduler.o
                0x000059b8                __vector_15
 .text.avr-libc.fplib
                0x00005a12        0xe c:/program files (x86)/atmel/studio/7.0/toolchain/avr8/avr8-gnu-toolchain/bin/../lib/gcc/avr/5.4.0/../../../../avr/lib/avr5\libm.a(addsf3.o)
                0x00005a12                __subsf3
                0x00005a14                __addsf3
 .text.avr-libc.fplib
                0x00005a20       0xcc c:/program files (x86)/atmel/studio/7.0/toolchain/avr8/avr8-gnu-toolchain/bin/../lib/gcc/avr/5.4.0/../../../../avr/lib/avr5\libm.a(addsf3x.o)
                0x00005a42                __addsf3x
 .text.avr-libc.fplib
                0x00005aec        0xa c:/program files (x86)/atmel/studio/7.0/toolchain/avr8/avr8-gnu-toolchain/bin/../lib/gcc/avr/5.4.0/../../../../avr/lib/avr5\libm.a(cmpsf2.o)
                0x00005aec                __nesf2
                0x00005aec                __eqsf2
                0x00005aec                __cmpsf2
                0x00005aec                __ltsf2
                0x00005aec                __lesf2
 .text.avr-libc.fplib
                0x00005af6        0x8 c:/program files (x86)/atmel/studio/7.0/toolchain/avr8/avr8-gnu-toolchain/bin/../lib/gcc/avr/5.4.0/../../../../avr/lib/avr5\libm.a(divsf3.o)
                0x00005af6                __divsf3
 .text.avr-libc.fplib
                0x00005afe       0xdc c:/program files (x86)/atmel/studio/7.0/toolchain/avr8/avr8-gnu-toolchain/bin/../lib/gcc/avr/5.4.0/../../../../avr/lib/avr5\libm.a(divsf3x.o)
                0x00005b1e                __divsf3x
                0x00005b24                __divsf3_pse
 .text.avr-libc.fplib
                0x00005bda        0xe c:/program files (x86)/atmel/studio/7.0/toolchain/avr8/avr8-gnu-toolchain/bin/../lib/gcc/avr/5.4.0/../../../../avr/lib/avr5\libm.a(fixsfsi.o)
                0x00005bda                __fixsfsi
 .text.avr-libc.fplib
                0x00005be8       0x5e c:/program files (x86)/atmel/studio/7.0/toolchain/avr8/avr8-gnu-toolchain/bin/../lib/gcc/avr/5.4.0/../../../../avr/lib/avr5\libm.a(fixunssfsi.o)
                0x00005be8                __fixunssfsi
 .text.avr-libc.fplib
                0x00005c46       0x7a c:/program files (x86)/atmel/studio/7.0/toolchain/avr8/avr8-gnu-toolchain/bin/../lib/gcc/avr/5.4.0/../../../../avr/lib/avr5\libm.a(floatsisf.o)
                0x00005c46                __floatunsisf
                0x00005c4a                __floatsisf
 .text.avr-libc.fplib
                0x00005cc0       0x48 c:/program files (x86)/atmel/studio/7.0/toolchain/avr8/avr8-gnu-toolchain/bin/../lib/gcc/avr/5.4.0/../../../../avr/lib/avr5\libm.a(fp_cmp.o)
                0x00005cc0                __fp_cmp
 .text.avr-libc.fplib
                0x00005d08        0xc c:/program files (x86)/atmel/studio/7.0/toolchain/avr8/avr8-gnu-toolchain/bin/../lib/gcc/avr/5.4.0/../../../../avr/lib/avr5\libm.a(fp_inf.o)
                0x00005d08                __fp_inf
 .text.avr-libc.fplib
                0x00005d14        0x6 c:/program files (x86)/atmel/studio/7.0/toolchain/avr8/avr8-gnu-toolchain/bin/../lib/gcc/avr/5.4.0/../../../../avr/lib/avr5\libm.a(fp_nan.o)
                0x00005d14                __fp_nan
 .text.avr-libc.fplib
                0x00005d1a        0xe c:/program files (x86)/atmel/studio/7.0/toolchain/avr8/avr8-gnu-toolchain/bin/../lib/gcc/avr/5.4.0/../../../../avr/lib/avr5\libm.a(fp_pscA.o)
                0x00005d1a                __fp_pscA
 .text.avr-libc.fplib
                0x00005d28        0xe c:/program files (x86)/atmel/studio/7.0/toolchain/avr8/avr8-gnu-toolchain/bin/../lib/gcc/avr/5.4.0/../../../../avr/lib/avr5\libm.a(fp_pscB.o)
                0x00005d28                __fp_pscB
 .text.avr-libc.fplib
                0x00005d36       0x22 c:/program files (x86)/atmel/studio/7.0/toolchain/avr8/avr8-gnu-toolchain/bin/../lib/gcc/avr/5.4.0/../../../../avr/lib/avr5\libm.a(fp_round.o)
                0x00005d36                __fp_round
 .text.avr-libc.fplib
                0x00005d58       0x44 c:/program files (x86)/atmel/studio/7.0/toolchain/avr8/avr8-gnu-toolchain/bin/../lib/gcc/avr/5.4.0/../../../../avr/lib/avr5\libm.a(fp_split3.o)
                0x00005d58                __fp_split3
                0x00005d68                __fp_splitA
 .text.avr-libc.fplib
                0x00005d9c        0xe c:/program files (x86)/atmel/studio/7.0/toolchain/avr8/avr8-gnu-toolchain/bin/../lib/gcc/avr/5.4.0/../../../../avr/lib/avr5\libm.a(fp_zero.o)
                0x00005d9c                __fp_zero
                0x00005d9e                __fp_szero
 .text.avr-libc.fplib
                0x00005daa        0xa c:/program files (x86)/atmel/studio/7.0/toolchain/avr8/avr8-gnu-toolchain/bin/../lib/gcc/avr/5.4.0/../../../../avr/lib/avr5\libm.a(gesf2.o)
                0x00005daa                __gesf2
                0x00005daa                __gtsf2
 .text.avr-libc.fplib
                0x00005db4        0x8 c:/program files (x86)/atmel/studio/7.0/toolchain/avr8/avr8-gnu-toolchain/bin/../lib/gcc/avr/5.4.0/../../../../avr/lib/avr5\libm.a(mulsf3.o)
                0x00005db4                __mulsf3
 .text.avr-libc.fplib
                0x00005dbc       0xd2 c:/program files (x86)/atmel/studio/7.0/toolchain/avr8/avr8-gnu-toolchain/bin/../lib/gcc/avr/5.4.0/../../../../avr/lib/avr5\libm.a(mulsf3x.o)
                0x00005dda                __mulsf3x
                0x00005de0                __mulsf3_pse
 .text.avr-libc
                0x00005e8e      0x6fa c:/program files (x86)/atmel/studio/7.0/toolchain/avr8/avr8-gnu-toolchain/bin/../lib/gcc/avr/5.4.0/../../../../avr/lib/avr5\libprintf_flt.a(vfprintf_flt.o)
                0x00005e8e                vfprintf
 .text.libgcc.mul
                0x00006588       0x20 c:/program files (x86)/atmel/studio/7.0/toolchain/avr8/avr8-gnu-toolchain/bin/../lib/gcc/avr/5.4.0/avr5\libgcc.a(_mulsi3.o)
                0x00006588                __mulsi3
 .text.libgcc.div
                0x000065a8       0x44 c:/program files (x86)/atmel/studio/7.0/toolchain/avr8/avr8-gnu-toolchain/bin/../lib/gcc/avr/5.4.0/avr5\libgcc.a(_udivmodsi4.o)
                0x000065a8                __udivmodsi4
 .text.libgcc   0x000065ec        0xc c:/program files (x86)/atmel/studio/7.0/toolchain/avr8/avr8-gnu-toolchain/bin/../lib/gcc/avr/5.4.0/avr5\libgcc.a(_tablejump2.o)
                0x000065ec                __tablejump2__
 .text.libgcc.mul
                0x000065f8       0x16 c:/program files (x86)/atmel/studio/7.0/toolchain/avr8/avr8-gnu-toolchain/bin/../lib/gcc/avr/5.4.0/avr5\libgcc.a(_muluhisi3.o)
                0x000065f8                __muluhisi3
 .text.libgcc.prologue
                0x0000660e       0x38 c:/program files (x86)/atmel/studio/7.0/toolchain/avr8/avr8-gnu-toolchain/bin/../lib/gcc/avr/5.4.0/avr5\libgcc.a(_prologue.o)
                0x0000660e                __prologue_saves__
 .text.libgcc.prologue
                0x00006646       0x36 c:/program files (x86)/atmel/studio/7.0/toolchain/avr8/avr8-gnu-toolchain/bin/../lib/gcc/avr/5.4.0/avr5\libgcc.a(_epilogue.o)
                0x00006646                __epilogue_restores__
 .text.libgcc.mul
                0x0000667c       0x1e c:/program files (x86)/atmel/studio/7.0/toolchain/avr8/avr8-gnu-toolchain/bin/../lib/gcc/avr/5.4.0/avr5\libgcc.a(_umulhisi3.o)
                0x0000667c                __umulhisi3
 .text.avr-libc
                0x0000669a       0x3c c:/program files (x86)/atmel/studio/7.0/toolchain/avr8/avr8-gnu-toolchain/bin/../lib/gcc/avr/5.4.0/../../../../avr/lib/avr5\libc.a(atoi.o)
                0x0000669a                atoi
 .text.avr-libc
                0x000066d6      0x1b0 c:/program files (x86)/atmel/studio/7.0/toolchain/avr8/avr8-gnu-toolchain/bin/../lib/gcc/avr/5.4.0/../../../../avr/lib/avr5\libc.a(ftoa_engine.o)
                0x000066d6                __ftoa_engine
 .text.avr-libc
                0x00006886       0x16 c:/program files (x86)/atmel/studio/7.0/toolchain/avr8/avr8-gnu-toolchain/bin/../lib/gcc/avr/5.4.0/../../../../avr/lib/avr5\libc.a(strnlen_P.o)
                0x00006886                strnlen_P
 .text.avr-libc
                0x0000689c        0xe c:/program files (x86)/atmel/studio/7.0/toolchain/avr8/avr8-gnu-toolchain/bin/../lib/gcc/avr/5.4.0/../../../../avr/lib/avr5\libc.a(memset.o)
                0x0000689c                memset
 .text.avr-libc
                0x000068aa       0x12 c:/program files (x86)/atmel/studio/7.0/toolchain/avr8/avr8-gnu-toolchain/bin/../lib/gcc/avr/5.4.0/../../../../avr/lib/avr5\libc.a(strcmp.o)
                0x000068aa                strcmp
 .text.avr-libc
                0x000068bc       0x12 c:/program files (x86)/atmel/studio/7.0/toolchain/avr8/avr8-gnu-toolchain/bin/../lib/gcc/avr/5.4.0/../../../../avr/lib/avr5\libc.a(strlen.o)
                0x000068bc                strlen
 .text.avr-libc
                0x000068ce       0x16 c:/program files (x86)/atmel/studio/7.0/toolchain/avr8/avr8-gnu-toolchain/bin/../lib/gcc/avr/5.4.0/../../../../avr/lib/avr5\libc.a(strnlen.o)
                0x000068ce                strnlen
 .text.avr-libc
                0x000068e4       0x10 c:/program files (x86)/atmel/studio/7.0/toolchain/avr8/avr8-gnu-toolchain/bin/../lib/gcc/avr/5.4.0/../../../../avr/lib/avr5\libc.a(mul10.o)
                0x000068e4                __mulhi_const_10
 .text.avr-libc
                0x000068f4       0x78 c:/program files (x86)/atmel/studio/7.0/toolchain/avr8/avr8-gnu-toolchain/bin/../lib/gcc/avr/5.4.0/../../../../avr/lib/avr5\libc.a(fputc.o)
                0x000068f4                fputc
 .text.avr-libc
                0x0000696c       0x44 c:/program files (x86)/atmel/studio/7.0/toolchain/avr8/avr8-gnu-toolchain/bin/../lib/gcc/avr/5.4.0/../../../../avr/lib/avr5\libc.a(sprintf.o)
                0x0000696c                sprintf
 .text.avr-libc
                0x000069b0       0xbc c:/program files (x86)/atmel/studio/7.0/toolchain/avr8/avr8-gnu-toolchain/bin/../lib/gcc/avr/5.4.0/../../../../avr/lib/avr5\libc.a(ultoa_invert.o)
                0x000069b0                __ultoa_invert
                0x00006a6c                . = ALIGN (0x2)
 *(.fini9)
 .fini9         0x00006a6c        0x0 c:/program files (x86)/atmel/studio/7.0/toolchain/avr8/avr8-gnu-toolchain/bin/../lib/gcc/avr/5.4.0/avr5\libgcc.a(_exit.o)
                0x00006a6c                _exit
                0x00006a6c                exit
 *(.fini9)
 *(.fini8)
 *(.fini8)
 *(.fini7)
 *(.fini7)
 *(.fini6)
 *(.fini6)
 *(.fini5)
 *(.fini5)
 *(.fini4)
 *(.fini4)
 *(.fini3)
 *(.fini3)
 *(.fini2)
 *(.fini2)
 *(.fini1)
 *(.fini1)
 *(.fini0)
 .fini0         0x00006a6c        0x4 c:/program files (x86)/atmel/studio/7.0/toolchain/avr8/avr8-gnu-toolchain/bin/../lib/gcc/avr/5.4.0/avr5\libgcc.a(_exit.o)
 *(.fini0)
                0x00006a70                _etext = .

.data           0x00800100      0xa62 load address 0x00006a70
                0x00800100                PROVIDE (__data_start, .)
 *(.data)
 *(.data*)
 .data.CAN_task_context
                0x00800100        0x7 Application/CAN Protocol/CAN_Protocol.o
 .data.ErrorCode
                0x00800107        0xa Application/CMDLine/command.o
                0x00800107                ErrorCode
 .data.g_psCmdTable
                0x00800111       0x8a Application/CMDLine/command.o
                0x00800111                g_psCmdTable
 .data.s_CommandTaskContext
                0x0080019b        0x7 Application/CMDLine/command.o
 .data.s_task_context
                0x008001a2        0x7 Application/LED/status_led.o
 .data.s_Temperature_CurrentState
                0x008001a9       0x34 Application/Temperature/temperature.o
 .data.s_WatchdogTimerContext
                0x008001dd        0x6 Application/WATCHDOG/watchdog.o
 .data.p_UART0_meta
                0x008001e3        0x2 BSP/UART/uart.o
                0x008001e3                p_UART0_meta
 .data.p_UART1_meta
                0x008001e5        0x2 BSP/UART/uart.o
                0x008001e5                p_UART1_meta
 *(.gnu.linkonce.d*)
 *(.rodata)
 .rodata        0x008001e7       0x1b Application/CAN Protocol/CAN_Protocol.o
 .rodata        0x00800202      0x893 Application/CMDLine/command.o
 .rodata        0x00800a95       0xb3 Application/Temperature/temperature.o
 .rodata        0x00800b48       0x19 BSP/UART/uart.o
 *(.rodata*)
 *(.gnu.linkonce.r*)
                0x00800b62                . = ALIGN (0x2)
 *fill*         0x00800b61        0x1 
                0x00800b62                _edata = .
                0x00800b62                PROVIDE (__data_end, .)

.bss            0x00800b62      0x3ef
                0x00800b62                PROVIDE (__bss_start, .)
 *(.bss)
 *(.bss*)
 .bss.Accel_Status
                0x00800b62        0x6 Application/Accel_Gyro/Accel_Gyro.o
 .bss.Gyro_Status
                0x00800b68        0x6 Application/Accel_Gyro/Accel_Gyro.o
 .bss.g_ppcArgv
                0x00800b6e       0x12 Application/CMDLine/cmdline.o
 .bss.p_CommandRingBuffer
                0x00800b80        0x2 Application/CMDLine/command.o
 .bss.s_commandBuffer
                0x00800b82       0x40 Application/CMDLine/command.o
 .bss.s_commandBufferIndex
                0x00800bc2        0x1 Application/CMDLine/command.o
 .bss.IR_led_DutyCycle_status
                0x00800bc3        0x1 Application/LED/ir_led.o
 .bss.s_led_display_status
                0x00800bc4        0x3 Application/LED/status_led.o
 .bss.sPrintLog
                0x00800bc7        0x1 Application/Temperature/temperature.o
 .bss.twi_state
                0x00800bc8        0x1 BSP/TWI/twi.o
 .bss.twi_slarw
                0x00800bc9        0x1 BSP/TWI/twi.o
 .bss.twi_sendStop
                0x00800bca        0x1 BSP/TWI/twi.o
 .bss.twi_inRepStart
                0x00800bcb        0x1 BSP/TWI/twi.o
 .bss.twi_onSlaveTransmit
                0x00800bcc        0x2 BSP/TWI/twi.o
 .bss.twi_onSlaveReceive
                0x00800bce        0x2 BSP/TWI/twi.o
 .bss.twi_master_txBuffer
                0x00800bd0        0x8 BSP/TWI/twi.o
 .bss.twi_master_txBufferIndex
                0x00800bd8        0x1 BSP/TWI/twi.o
 .bss.twi_master_txBufferLength
                0x00800bd9        0x1 BSP/TWI/twi.o
 .bss.twi_master_rxBuffer
                0x00800bda        0x8 BSP/TWI/twi.o
 .bss.twi_master_rxBufferIndex
                0x00800be2        0x1 BSP/TWI/twi.o
 .bss.twi_master_rxBufferLength
                0x00800be3        0x1 BSP/TWI/twi.o
 .bss.twi_slv_txBuffer
                0x00800be4        0x8 BSP/TWI/twi.o
 .bss.twi_slv_txBufferIndex
                0x00800bec        0x1 BSP/TWI/twi.o
 .bss.twi_slv_txBufferLength
                0x00800bed        0x1 BSP/TWI/twi.o
 .bss.twi_slv_rxBuffer
                0x00800bee        0x8 BSP/TWI/twi.o
 .bss.twi_slv_rxBufferIndex
                0x00800bf6        0x1 BSP/TWI/twi.o
 .bss.twi_error
                0x00800bf7        0x1 BSP/TWI/twi.o
 .bss.s_TaskContext
                0x00800bf8       0x3c Scheduler/scheduler.o
 .bss.s_NumOfTaskScheduled
                0x00800c34        0x1 Scheduler/scheduler.o
 .bss.s_TimerContext
                0x00800c35       0x1e Scheduler/scheduler.o
 .bss.s_NumOfTimers
                0x00800c53        0x1 Scheduler/scheduler.o
 *(COMMON)
 COMMON         0x00800c54       0x36 Application/CAN Protocol/CAN_Protocol.o
                0x00800c54                colorMap
                0x00800c7c                rxMessage
 COMMON         0x00800c8a        0xe Application/CMDLine/command.o
                0x00800c8a                txMessage
 COMMON         0x00800c98      0x210 BSP/UART/uart.o
                0x00800c98                UART1_meta
                0x00800da0                UART0_meta
 COMMON         0x00800ea8       0x3b Data_struct/IOU_data.o
                0x00800ea8                IOU_data
 COMMON         0x00800ee3       0x5e Devices/BMP390/BMP390.o
                0x00800ee3                TempPress_data
 COMMON         0x00800f41        0x6 Devices/MCP2515/CANSPI.o
                0x00800f41                errorStatus
                0x00800f42                ctrlStatus
                0x00800f43                idReg
 COMMON         0x00800f47        0x4 Devices/LED_RING/SK6812.o
                0x00800f47                status_rgbw_color
 COMMON         0x00800f4b        0x6 Scheduler/scheduler.o
                0x00800f4b                s_SystemTick
                0x00800f4d                s_SoftTimers
                0x00800f51                PROVIDE (__bss_end, .)
                0x00006a70                __data_load_start = LOADADDR (.data)
                0x000074d2                __data_load_end = (__data_load_start + SIZEOF (.data))

.noinit         0x00800f51        0x0
                [!provide]                PROVIDE (__noinit_start, .)
 *(.noinit*)
                [!provide]                PROVIDE (__noinit_end, .)
                0x00800f51                _end = .
                [!provide]                PROVIDE (__heap_start, .)

.eeprom         0x00810000        0x0
 *(.eeprom*)
                0x00810000                __eeprom_end = .

.fuse
 *(.fuse)
 *(.lfuse)
 *(.hfuse)
 *(.efuse)

.lock
 *(.lock*)

.signature
 *(.signature*)

.user_signatures
 *(.user_signatures*)

.stab
 *(.stab)

.stabstr
 *(.stabstr)

.stab.excl
 *(.stab.excl)

.stab.exclstr
 *(.stab.exclstr)

.stab.index
 *(.stab.index)

.stab.indexstr
 *(.stab.indexstr)

.comment        0x00000000       0x5c
 *(.comment)
 .comment       0x00000000       0x30 Application/Accel_Gyro/Accel_Gyro.o
                                 0x31 (size before relaxing)
 .comment       0x00000030       0x31 Application/CAN Protocol/CAN_Protocol.o
 .comment       0x00000030       0x31 Application/CMDLine/cmdline.o
 .comment       0x00000030       0x31 Application/CMDLine/command.o
 .comment       0x00000030       0x31 Application/LED/ir_led.o
 .comment       0x00000030       0x31 Application/LED/status_led.o
 .comment       0x00000030       0x31 Application/main.o
 .comment       0x00000030       0x31 Application/Pressure/Pressure.o
 .comment       0x00000030       0x31 Application/Temperature/temperature.o
 .comment       0x00000030       0x31 Application/WATCHDOG/watchdog.o
 .comment       0x00000030       0x31 BSP/PWM/PWM.o
 .comment       0x00000030       0x31 BSP/SPI/spi.o
 .comment       0x00000030       0x31 BSP/Timer/timer.o
 .comment       0x00000030       0x31 BSP/TWI/twi.o
 .comment       0x00000030       0x31 BSP/UART/uart.o
 .comment       0x00000030       0x31 Data_struct/IOU_data.o
 .comment       0x00000030       0x31 Devices/BMP390/BMP390.o
 .comment       0x00000030       0x31 Devices/MCP2515/CANSPI.o
 .comment       0x00000030       0x31 Devices/MCP2515/MCP2515.o
 .comment       0x00000030       0x31 Devices/MCP4921/MCP4921.o
 .comment       0x00000030       0x31 Devices/LED_RING/SK6812.o
 .comment       0x00000030       0x31 Devices/TEC/TEC.o
 .comment       0x00000030       0x31 Devices/TPL5010/TPL5010.o
 .comment       0x00000030       0x31 Scheduler/scheduler.o
 .comment       0x00000030       0x2c c:/program files (x86)/atmel/studio/7.0/toolchain/avr8/avr8-gnu-toolchain/bin/../lib/gcc/avr/5.4.0/../../../../avr/lib/avr5\libprintf_flt.a(vfprintf_flt.o)
                                 0x2d (size before relaxing)
 .comment       0x0000005c       0x31 c:/program files (x86)/atmel/studio/7.0/toolchain/avr8/avr8-gnu-toolchain/bin/../lib/gcc/avr/5.4.0/../../../../avr/lib/avr5\libc.a(fputc.o)
 .comment       0x0000005c       0x31 c:/program files (x86)/atmel/studio/7.0/toolchain/avr8/avr8-gnu-toolchain/bin/../lib/gcc/avr/5.4.0/../../../../avr/lib/avr5\libc.a(sprintf.o)

.note.gnu.avr.deviceinfo
                0x00000000       0x3c
 .note.gnu.avr.deviceinfo
                0x00000000       0x3c C:/Program Files (x86)/Atmel/Studio/7.0/Packs/atmel/ATmega_DFP/1.7.374/gcc/dev/atmega64/avr5/crtatmega64.o

.note.gnu.build-id
 *(.note.gnu.build-id)

.debug
 *(.debug)

.line
 *(.line)

.debug_srcinfo
 *(.debug_srcinfo)

.debug_sfnames
 *(.debug_sfnames)

.debug_aranges  0x00000000      0x8f8
 *(.debug_aranges)
 .debug_aranges
                0x00000000       0x40 Application/Accel_Gyro/Accel_Gyro.o
 .debug_aranges
                0x00000040       0x40 Application/CAN Protocol/CAN_Protocol.o
 .debug_aranges
                0x00000080       0x20 Application/CMDLine/cmdline.o
 .debug_aranges
                0x000000a0       0xe8 Application/CMDLine/command.o
 .debug_aranges
                0x00000188       0x30 Application/LED/ir_led.o
 .debug_aranges
                0x000001b8       0x60 Application/LED/status_led.o
 .debug_aranges
                0x00000218       0x20 Application/main.o
 .debug_aranges
                0x00000238       0x38 Application/Pressure/Pressure.o
 .debug_aranges
                0x00000270       0xe0 Application/Temperature/temperature.o
 .debug_aranges
                0x00000350       0x30 Application/WATCHDOG/watchdog.o
 .debug_aranges
                0x00000380       0x38 BSP/PWM/PWM.o
 .debug_aranges
                0x000003b8       0x40 BSP/SPI/spi.o
 .debug_aranges
                0x000003f8       0x30 BSP/Timer/timer.o
 .debug_aranges
                0x00000428       0xf8 BSP/TWI/twi.o
 .debug_aranges
                0x00000520      0x118 BSP/UART/uart.o
 .debug_aranges
                0x00000638       0x18 Data_struct/IOU_data.o
 .debug_aranges
                0x00000650       0x68 Devices/BMP390/BMP390.o
 .debug_aranges
                0x000006b8       0x50 Devices/MCP2515/CANSPI.o
 .debug_aranges
                0x00000708       0x80 Devices/MCP2515/MCP2515.o
 .debug_aranges
                0x00000788       0x48 Devices/MCP4921/MCP4921.o
 .debug_aranges
                0x000007d0       0x40 Devices/LED_RING/SK6812.o
 .debug_aranges
                0x00000810       0x30 Devices/TEC/TEC.o
 .debug_aranges
                0x00000840       0x28 Devices/TPL5010/TPL5010.o
 .debug_aranges
                0x00000868       0x90 Scheduler/scheduler.o

.debug_pubnames
 *(.debug_pubnames)

.debug_info     0x00000000     0x69bf
 *(.debug_info .gnu.linkonce.wi.*)
 .debug_info    0x00000000      0x780 C:/Program Files (x86)/Atmel/Studio/7.0/Packs/atmel/ATmega_DFP/1.7.374/gcc/dev/atmega64/avr5/crtatmega64.o
 .debug_info    0x00000780      0x28b Application/Accel_Gyro/Accel_Gyro.o
 .debug_info    0x00000a0b      0x3e7 Application/CAN Protocol/CAN_Protocol.o
 .debug_info    0x00000df2      0x1b0 Application/CMDLine/cmdline.o
 .debug_info    0x00000fa2      0xd83 Application/CMDLine/command.o
 .debug_info    0x00001d25       0xdb Application/LED/ir_led.o
 .debug_info    0x00001e00      0x4ed Application/LED/status_led.o
 .debug_info    0x000022ed      0x112 Application/main.o
 .debug_info    0x000023ff      0x213 Application/Pressure/Pressure.o
 .debug_info    0x00002612      0x7d6 Application/Temperature/temperature.o
 .debug_info    0x00002de8      0x193 Application/WATCHDOG/watchdog.o
 .debug_info    0x00002f7b      0x15e BSP/PWM/PWM.o
 .debug_info    0x000030d9      0x415 BSP/SPI/spi.o
 .debug_info    0x000034ee       0xb3 BSP/Timer/timer.o
 .debug_info    0x000035a1      0x713 BSP/TWI/twi.o
 .debug_info    0x00003cb4      0x973 BSP/UART/uart.o
 .debug_info    0x00004627      0x27c Data_struct/IOU_data.o
 .debug_info    0x000048a3      0x57f Devices/BMP390/BMP390.o
 .debug_info    0x00004e22      0xa54 Devices/MCP2515/CANSPI.o
 .debug_info    0x00005876      0x344 Devices/MCP2515/MCP2515.o
 .debug_info    0x00005bba      0x270 Devices/MCP4921/MCP4921.o
 .debug_info    0x00005e2a      0x220 Devices/LED_RING/SK6812.o
 .debug_info    0x0000604a       0xdd Devices/TEC/TEC.o
 .debug_info    0x00006127       0x9d Devices/TPL5010/TPL5010.o
 .debug_info    0x000061c4      0x7fb Scheduler/scheduler.o

.debug_abbrev   0x00000000     0x22c1
 *(.debug_abbrev)
 .debug_abbrev  0x00000000      0x718 C:/Program Files (x86)/Atmel/Studio/7.0/Packs/atmel/ATmega_DFP/1.7.374/gcc/dev/atmega64/avr5/crtatmega64.o
 .debug_abbrev  0x00000718       0xd4 Application/Accel_Gyro/Accel_Gyro.o
 .debug_abbrev  0x000007ec      0x157 Application/CAN Protocol/CAN_Protocol.o
 .debug_abbrev  0x00000943       0xdc Application/CMDLine/cmdline.o
 .debug_abbrev  0x00000a1f      0x1ef Application/CMDLine/command.o
 .debug_abbrev  0x00000c0e       0xa6 Application/LED/ir_led.o
 .debug_abbrev  0x00000cb4      0x12d Application/LED/status_led.o
 .debug_abbrev  0x00000de1       0xa6 Application/main.o
 .debug_abbrev  0x00000e87       0xc5 Application/Pressure/Pressure.o
 .debug_abbrev  0x00000f4c      0x1d6 Application/Temperature/temperature.o
 .debug_abbrev  0x00001122       0xc1 Application/WATCHDOG/watchdog.o
 .debug_abbrev  0x000011e3       0x84 BSP/PWM/PWM.o
 .debug_abbrev  0x00001267      0x195 BSP/SPI/spi.o
 .debug_abbrev  0x000013fc       0x54 BSP/Timer/timer.o
 .debug_abbrev  0x00001450      0x215 BSP/TWI/twi.o
 .debug_abbrev  0x00001665      0x289 BSP/UART/uart.o
 .debug_abbrev  0x000018ee       0x9e Data_struct/IOU_data.o
 .debug_abbrev  0x0000198c      0x13a Devices/BMP390/BMP390.o
 .debug_abbrev  0x00001ac6      0x1d1 Devices/MCP2515/CANSPI.o
 .debug_abbrev  0x00001c97       0xdf Devices/MCP2515/MCP2515.o
 .debug_abbrev  0x00001d76      0x160 Devices/MCP4921/MCP4921.o
 .debug_abbrev  0x00001ed6      0x147 Devices/LED_RING/SK6812.o
 .debug_abbrev  0x0000201d       0x99 Devices/TEC/TEC.o
 .debug_abbrev  0x000020b6       0x54 Devices/TPL5010/TPL5010.o
 .debug_abbrev  0x0000210a      0x1b7 Scheduler/scheduler.o

.debug_line     0x00000000     0x8c44
 *(.debug_line .debug_line.* .debug_line_end)
 .debug_line    0x00000000      0x16a C:/Program Files (x86)/Atmel/Studio/7.0/Packs/atmel/ATmega_DFP/1.7.374/gcc/dev/atmega64/avr5/crtatmega64.o
 .debug_line    0x0000016a      0x4d9 Application/Accel_Gyro/Accel_Gyro.o
 .debug_line    0x00000643      0x538 Application/CAN Protocol/CAN_Protocol.o
 .debug_line    0x00000b7b      0x34e Application/CMDLine/cmdline.o
 .debug_line    0x00000ec9      0xf20 Application/CMDLine/command.o
 .debug_line    0x00001de9      0x328 Application/LED/ir_led.o
 .debug_line    0x00002111      0x501 Application/LED/status_led.o
 .debug_line    0x00002612      0x67a Application/main.o
 .debug_line    0x00002c8c      0x3fc Application/Pressure/Pressure.o
 .debug_line    0x00003088      0xaa8 Application/Temperature/temperature.o
 .debug_line    0x00003b30      0x371 Application/WATCHDOG/watchdog.o
 .debug_line    0x00003ea1      0x30b BSP/PWM/PWM.o
 .debug_line    0x000041ac      0x54d BSP/SPI/spi.o
 .debug_line    0x000046f9      0x2a1 BSP/Timer/timer.o
 .debug_line    0x0000499a      0xb60 BSP/TWI/twi.o
 .debug_line    0x000054fa      0xc73 BSP/UART/uart.o
 .debug_line    0x0000616d      0x147 Data_struct/IOU_data.o
 .debug_line    0x000062b4      0x74d Devices/BMP390/BMP390.o
 .debug_line    0x00006a01      0x72d Devices/MCP2515/CANSPI.o
 .debug_line    0x0000712e      0x5ac Devices/MCP2515/MCP2515.o
 .debug_line    0x000076da      0x4b9 Devices/MCP4921/MCP4921.o
 .debug_line    0x00007b93      0x394 Devices/LED_RING/SK6812.o
 .debug_line    0x00007f27      0x396 Devices/TEC/TEC.o
 .debug_line    0x000082bd      0x2ad Devices/TPL5010/TPL5010.o
 .debug_line    0x0000856a      0x6da Scheduler/scheduler.o

.debug_frame    0x00000000     0x2044
 *(.debug_frame)
 .debug_frame   0x00000000      0x104 Application/Accel_Gyro/Accel_Gyro.o
 .debug_frame   0x00000104       0xb4 Application/CAN Protocol/CAN_Protocol.o
 .debug_frame   0x000001b8       0x34 Application/CMDLine/cmdline.o
 .debug_frame   0x000001ec      0x3a4 Application/CMDLine/command.o
 .debug_frame   0x00000590       0x74 Application/LED/ir_led.o
 .debug_frame   0x00000604      0x134 Application/LED/status_led.o
 .debug_frame   0x00000738       0x34 Application/main.o
 .debug_frame   0x0000076c       0x94 Application/Pressure/Pressure.o
 .debug_frame   0x00000800      0x398 Application/Temperature/temperature.o
 .debug_frame   0x00000b98       0x74 Application/WATCHDOG/watchdog.o
 .debug_frame   0x00000c0c       0xc4 BSP/PWM/PWM.o
 .debug_frame   0x00000cd0       0xb4 BSP/SPI/spi.o
 .debug_frame   0x00000d84       0x74 BSP/Timer/timer.o
 .debug_frame   0x00000df8      0x3ec BSP/TWI/twi.o
 .debug_frame   0x000011e4      0x574 BSP/UART/uart.o
 .debug_frame   0x00001758      0x1b4 Devices/BMP390/BMP390.o
 .debug_frame   0x0000190c       0xf4 Devices/MCP2515/CANSPI.o
 .debug_frame   0x00001a00      0x1b4 Devices/MCP2515/MCP2515.o
 .debug_frame   0x00001bb4       0xdc Devices/MCP4921/MCP4921.o
 .debug_frame   0x00001c90       0xb4 Devices/LED_RING/SK6812.o
 .debug_frame   0x00001d44       0x74 Devices/TEC/TEC.o
 .debug_frame   0x00001db8       0x54 Devices/TPL5010/TPL5010.o
 .debug_frame   0x00001e0c      0x238 Scheduler/scheduler.o

.debug_str      0x00000000     0xe134
 *(.debug_str)
 .debug_str     0x00000000      0x27e C:/Program Files (x86)/Atmel/Studio/7.0/Packs/atmel/ATmega_DFP/1.7.374/gcc/dev/atmega64/avr5/crtatmega64.o
 .debug_str     0x0000027e     0x8f48 Application/Accel_Gyro/Accel_Gyro.o
                               0x9097 (size before relaxing)
 .debug_str     0x000091c6      0xa71 Application/CAN Protocol/CAN_Protocol.o
                               0x8f5e (size before relaxing)
 .debug_str     0x00009c37      0x13e Application/CMDLine/cmdline.o
                               0x7dc6 (size before relaxing)
 .debug_str     0x00009d75     0x1782 Application/CMDLine/command.o
                               0xadd6 (size before relaxing)
 .debug_str     0x0000b4f7       0xba Application/LED/ir_led.o
                               0x7886 (size before relaxing)
 .debug_str     0x0000b5b1      0x415 Application/LED/status_led.o
                               0x8058 (size before relaxing)
 .debug_str     0x0000b9c6      0x62a Application/main.o
                               0x9c6d (size before relaxing)
 .debug_str     0x0000bff0       0xa4 Application/Pressure/Pressure.o
                               0x8384 (size before relaxing)
 .debug_str     0x0000c094      0x42c Application/Temperature/temperature.o
                               0x9155 (size before relaxing)
 .debug_str     0x0000c4c0      0x170 Application/WATCHDOG/watchdog.o
                               0x8139 (size before relaxing)
 .debug_str     0x0000c630       0x95 BSP/PWM/PWM.o
                               0x7424 (size before relaxing)
 .debug_str     0x0000c6c5       0xc3 BSP/SPI/spi.o
                               0x78c8 (size before relaxing)
 .debug_str     0x0000c788       0x56 BSP/Timer/timer.o
                               0x6f1e (size before relaxing)
 .debug_str     0x0000c7de      0x42b BSP/TWI/twi.o
                               0x7e9a (size before relaxing)
 .debug_str     0x0000cc09      0x524 BSP/UART/uart.o
                               0x9b7e (size before relaxing)
 .debug_str     0x0000d12d       0x1a Data_struct/IOU_data.o
                               0x3ffd (size before relaxing)
 .debug_str     0x0000d147      0x3c8 Devices/BMP390/BMP390.o
                               0x8fde (size before relaxing)
 .debug_str     0x0000d50f      0x48b Devices/MCP2515/CANSPI.o
                               0x85e8 (size before relaxing)
 .debug_str     0x0000d99a      0x1ca Devices/MCP2515/MCP2515.o
                               0x8254 (size before relaxing)
 .debug_str     0x0000db64      0x105 Devices/MCP4921/MCP4921.o
                               0x7975 (size before relaxing)
 .debug_str     0x0000dc69       0x6f Devices/LED_RING/SK6812.o
                               0x7b99 (size before relaxing)
 .debug_str     0x0000dcd8       0x36 Devices/TEC/TEC.o
                               0x73b5 (size before relaxing)
 .debug_str     0x0000dd0e       0x3d Devices/TPL5010/TPL5010.o
                               0x73b5 (size before relaxing)
 .debug_str     0x0000dd4b      0x3e9 Scheduler/scheduler.o
                               0x7b1e (size before relaxing)

.debug_loc      0x00000000     0x416d
 *(.debug_loc)
 .debug_loc     0x00000000      0x211 Application/Accel_Gyro/Accel_Gyro.o
 .debug_loc     0x00000211      0x134 Application/CAN Protocol/CAN_Protocol.o
 .debug_loc     0x00000345       0x47 Application/CMDLine/cmdline.o
 .debug_loc     0x0000038c      0x7fd Application/CMDLine/command.o
 .debug_loc     0x00000b89       0xbe Application/LED/ir_led.o
 .debug_loc     0x00000c47      0x213 Application/LED/status_led.o
 .debug_loc     0x00000e5a       0x3b Application/main.o
 .debug_loc     0x00000e95       0xec Application/Pressure/Pressure.o
 .debug_loc     0x00000f81      0x7c8 Application/Temperature/temperature.o
 .debug_loc     0x00001749       0xb1 Application/WATCHDOG/watchdog.o
 .debug_loc     0x000017fa      0x188 BSP/PWM/PWM.o
 .debug_loc     0x00001982      0x14c BSP/SPI/spi.o
 .debug_loc     0x00001ace       0xb1 BSP/Timer/timer.o
 .debug_loc     0x00001b7f      0x820 BSP/TWI/twi.o
 .debug_loc     0x0000239f      0xbfc BSP/UART/uart.o
 .debug_loc     0x00002f9b      0x382 Devices/BMP390/BMP390.o
 .debug_loc     0x0000331d      0x1e6 Devices/MCP2515/CANSPI.o
 .debug_loc     0x00003503      0x39b Devices/MCP2515/MCP2515.o
 .debug_loc     0x0000389e      0x195 Devices/MCP4921/MCP4921.o
 .debug_loc     0x00003a33      0x14e Devices/LED_RING/SK6812.o
 .debug_loc     0x00003b81       0xcb Devices/TEC/TEC.o
 .debug_loc     0x00003c4c       0x76 Devices/TPL5010/TPL5010.o
 .debug_loc     0x00003cc2      0x4ab Scheduler/scheduler.o

.debug_macinfo
 *(.debug_macinfo)

.debug_weaknames
 *(.debug_weaknames)

.debug_funcnames
 *(.debug_funcnames)

.debug_typenames
 *(.debug_typenames)

.debug_varnames
 *(.debug_varnames)

.debug_pubtypes
 *(.debug_pubtypes)

.debug_ranges   0x00000000      0x770
 *(.debug_ranges)
 .debug_ranges  0x00000000       0x30 Application/Accel_Gyro/Accel_Gyro.o
 .debug_ranges  0x00000030       0x30 Application/CAN Protocol/CAN_Protocol.o
 .debug_ranges  0x00000060       0x10 Application/CMDLine/cmdline.o
 .debug_ranges  0x00000070       0xd8 Application/CMDLine/command.o
 .debug_ranges  0x00000148       0x20 Application/LED/ir_led.o
 .debug_ranges  0x00000168       0x50 Application/LED/status_led.o
 .debug_ranges  0x000001b8       0x10 Application/main.o
 .debug_ranges  0x000001c8       0x28 Application/Pressure/Pressure.o
 .debug_ranges  0x000001f0       0xd0 Application/Temperature/temperature.o
 .debug_ranges  0x000002c0       0x20 Application/WATCHDOG/watchdog.o
 .debug_ranges  0x000002e0       0x28 BSP/PWM/PWM.o
 .debug_ranges  0x00000308       0x30 BSP/SPI/spi.o
 .debug_ranges  0x00000338       0x20 BSP/Timer/timer.o
 .debug_ranges  0x00000358       0xe8 BSP/TWI/twi.o
 .debug_ranges  0x00000440      0x108 BSP/UART/uart.o
 .debug_ranges  0x00000548       0x58 Devices/BMP390/BMP390.o
 .debug_ranges  0x000005a0       0x40 Devices/MCP2515/CANSPI.o
 .debug_ranges  0x000005e0       0x70 Devices/MCP2515/MCP2515.o
 .debug_ranges  0x00000650       0x38 Devices/MCP4921/MCP4921.o
 .debug_ranges  0x00000688       0x30 Devices/LED_RING/SK6812.o
 .debug_ranges  0x000006b8       0x20 Devices/TEC/TEC.o
 .debug_ranges  0x000006d8       0x18 Devices/TPL5010/TPL5010.o
 .debug_ranges  0x000006f0       0x80 Scheduler/scheduler.o

.debug_macro    0x00000000     0x5f64
 *(.debug_macro)
 .debug_macro   0x00000000      0x1aa Application/Accel_Gyro/Accel_Gyro.o
 .debug_macro   0x000001aa      0xa4e Application/Accel_Gyro/Accel_Gyro.o
 .debug_macro   0x00000bf8      0x1c9 Application/Accel_Gyro/Accel_Gyro.o
 .debug_macro   0x00000dc1      0x2fc Application/Accel_Gyro/Accel_Gyro.o
 .debug_macro   0x000010bd       0x58 Application/Accel_Gyro/Accel_Gyro.o
 .debug_macro   0x00001115       0x10 Application/Accel_Gyro/Accel_Gyro.o
 .debug_macro   0x00001125       0x97 Application/Accel_Gyro/Accel_Gyro.o
 .debug_macro   0x000011bc       0xf2 Application/Accel_Gyro/Accel_Gyro.o
 .debug_macro   0x000012ae       0x88 Application/Accel_Gyro/Accel_Gyro.o
 .debug_macro   0x00001336       0xaa Application/Accel_Gyro/Accel_Gyro.o
 .debug_macro   0x000013e0     0x1543 Application/Accel_Gyro/Accel_Gyro.o
 .debug_macro   0x00002923      0x203 Application/Accel_Gyro/Accel_Gyro.o
 .debug_macro   0x00002b26       0xbd Application/Accel_Gyro/Accel_Gyro.o
 .debug_macro   0x00002be3       0x34 Application/Accel_Gyro/Accel_Gyro.o
 .debug_macro   0x00002c17       0x18 Application/Accel_Gyro/Accel_Gyro.o
 .debug_macro   0x00002c2f       0x6c Application/Accel_Gyro/Accel_Gyro.o
 .debug_macro   0x00002c9b       0xd7 Application/Accel_Gyro/Accel_Gyro.o
 .debug_macro   0x00002d72       0xf6 Application/Accel_Gyro/Accel_Gyro.o
 .debug_macro   0x00002e68       0x22 Application/Accel_Gyro/Accel_Gyro.o
 .debug_macro   0x00002e8a      0x166 Application/Accel_Gyro/Accel_Gyro.o
 .debug_macro   0x00002ff0       0x1c Application/Accel_Gyro/Accel_Gyro.o
 .debug_macro   0x0000300c       0x35 Application/Accel_Gyro/Accel_Gyro.o
 .debug_macro   0x00003041       0x60 Application/Accel_Gyro/Accel_Gyro.o
 .debug_macro   0x000030a1       0x22 Application/Accel_Gyro/Accel_Gyro.o
 .debug_macro   0x000030c3       0x69 Application/Accel_Gyro/Accel_Gyro.o
 .debug_macro   0x0000312c       0x10 Application/Accel_Gyro/Accel_Gyro.o
 .debug_macro   0x0000313c       0x3a Application/Accel_Gyro/Accel_Gyro.o
 .debug_macro   0x00003176       0x16 Application/Accel_Gyro/Accel_Gyro.o
 .debug_macro   0x0000318c       0x10 Application/Accel_Gyro/Accel_Gyro.o
 .debug_macro   0x0000319c       0x28 Application/Accel_Gyro/Accel_Gyro.o
 .debug_macro   0x000031c4      0x1f7 Application/Accel_Gyro/Accel_Gyro.o
 .debug_macro   0x000033bb       0x3a Application/Accel_Gyro/Accel_Gyro.o
 .debug_macro   0x000033f5       0x28 Application/Accel_Gyro/Accel_Gyro.o
 .debug_macro   0x0000341d       0x1c Application/Accel_Gyro/Accel_Gyro.o
 .debug_macro   0x00003439      0x17f Application/CAN Protocol/CAN_Protocol.o
 .debug_macro   0x000035b8       0x10 Application/CAN Protocol/CAN_Protocol.o
 .debug_macro   0x000035c8       0x9e Application/CAN Protocol/CAN_Protocol.o
 .debug_macro   0x00003666      0x16d Application/CAN Protocol/CAN_Protocol.o
 .debug_macro   0x000037d3       0x40 Application/CAN Protocol/CAN_Protocol.o
 .debug_macro   0x00003813      0x23b Application/CAN Protocol/CAN_Protocol.o
 .debug_macro   0x00003a4e       0x10 Application/CAN Protocol/CAN_Protocol.o
 .debug_macro   0x00003a5e       0x10 Application/CAN Protocol/CAN_Protocol.o
 .debug_macro   0x00003a6e       0x10 Application/CAN Protocol/CAN_Protocol.o
 .debug_macro   0x00003a7e       0x10 Application/CAN Protocol/CAN_Protocol.o
 .debug_macro   0x00003a8e       0xfc Application/CMDLine/cmdline.o
 .debug_macro   0x00003b8a       0x16 Application/CMDLine/cmdline.o
 .debug_macro   0x00003ba0       0x28 Application/CMDLine/cmdline.o
 .debug_macro   0x00003bc8      0x302 Application/CMDLine/cmdline.o
 .debug_macro   0x00003eca       0x20 Application/CMDLine/cmdline.o
 .debug_macro   0x00003eea      0x250 Application/CMDLine/command.o
 .debug_macro   0x0000413a       0x1c Application/CMDLine/command.o
 .debug_macro   0x00004156       0xdd Application/CMDLine/command.o
 .debug_macro   0x00004233      0x160 Application/CMDLine/command.o
 .debug_macro   0x00004393       0x5a Application/CMDLine/command.o
 .debug_macro   0x000043ed       0x2e Application/CMDLine/command.o
 .debug_macro   0x0000441b       0x4c Application/CMDLine/command.o
 .debug_macro   0x00004467       0x22 Application/CMDLine/command.o
 .debug_macro   0x00004489       0x8e Application/CMDLine/command.o
 .debug_macro   0x00004517       0x10 Application/CMDLine/command.o
 .debug_macro   0x00004527       0xe2 Application/CMDLine/command.o
 .debug_macro   0x00004609      0x241 Application/CMDLine/command.o
 .debug_macro   0x0000484a       0x16 Application/CMDLine/command.o
 .debug_macro   0x00004860       0xd3 Application/LED/ir_led.o
 .debug_macro   0x00004933      0x105 Application/LED/status_led.o
 .debug_macro   0x00004a38      0x10e Application/LED/status_led.o
 .debug_macro   0x00004b46       0x66 Application/LED/status_led.o
 .debug_macro   0x00004bac       0x86 Application/LED/status_led.o
 .debug_macro   0x00004c32      0x26c Application/main.o
 .debug_macro   0x00004e9e      0x137 Application/Pressure/Pressure.o
 .debug_macro   0x00004fd5      0x1b1 Application/Temperature/temperature.o
 .debug_macro   0x00005186      0x128 Application/WATCHDOG/watchdog.o
 .debug_macro   0x000052ae       0xb4 BSP/PWM/PWM.o
 .debug_macro   0x00005362       0xc3 BSP/SPI/spi.o
 .debug_macro   0x00005425       0xa0 BSP/Timer/timer.o
 .debug_macro   0x000054c5       0x63 BSP/Timer/timer.o
 .debug_macro   0x00005528       0xff BSP/TWI/twi.o
 .debug_macro   0x00005627      0x14a BSP/UART/uart.o
 .debug_macro   0x00005771       0x12 BSP/UART/uart.o
 .debug_macro   0x00005783       0x2e BSP/UART/uart.o
 .debug_macro   0x000057b1       0x62 Data_struct/IOU_data.o
 .debug_macro   0x00005813      0x1a7 Devices/BMP390/BMP390.o
 .debug_macro   0x000059ba       0xeb Devices/MCP2515/CANSPI.o
 .debug_macro   0x00005aa5       0xe7 Devices/MCP2515/MCP2515.o
 .debug_macro   0x00005b8c       0xd6 Devices/MCP4921/MCP4921.o
 .debug_macro   0x00005c62       0xc8 Devices/LED_RING/SK6812.o
 .debug_macro   0x00005d2a       0xa2 Devices/TEC/TEC.o
 .debug_macro   0x00005dcc       0xa8 Devices/TPL5010/TPL5010.o
 .debug_macro   0x00005e74       0xf0 Scheduler/scheduler.o
OUTPUT(IOUFirmware.elf elf32-avr)
LOAD linker stubs
